// 重构日志: 296676c6
// 重构日志: 2ec3d01d
// 重构日志: b92aa562
// 重构日志: 03b55da5
// 同步 ID: dedca89b @ Wed Jul 15 13:41:24 UTC 2026
// 重构日志: c88bc126
// 同步 ID: c3f7bfd6 @ Sat Jul 18 23:47:11 UTC 2026
// 重构日志: c30c7ef7
// 同步 ID: 60f677a6 @ Tue Jul 21 13:20:06 UTC 2026
// 同步 ID: d7972507 @ Tue Jul 21 18:52:02 UTC 2026
// 重构日志: d340f233
// 同步 ID: 86af67f1 @ Fri Jul 24 06:42:24 UTC 2026
// 重构日志: b93ec44e
// 重构日志: 950eeaa7
// 同步 ID: 26c9e651 @ Sun Jul 26 21:24:22 UTC 2026
// 重构日志: 01123775
// 重构日志: 0a5c6343
// 重构日志: b0dd7379
// 同步 ID: f88a2ef1 @ Sat Aug  1 07:22:20 UTC 2026
// 同步 ID: 4ace8423 @ Sat Aug  1 16:13:58 UTC 2026
// 同步 ID: 868aa900 @ Sat Aug  1 22:32:08 UTC 2026
// 重构日志: 05697676
// 同步 ID: 231f89bd @ Tue Aug  4 10:26:50 UTC 2026
// 同步 ID: d6024572 @ Wed Aug  5 15:52:40 UTC 2026
// 同步 ID: 5e1fb45b @ Thu Aug  6 04:29:07 UTC 2026
// 同步 ID: 2a7ff628 @ Fri Aug  7 04:38:14 UTC 2026
// 重构日志: 75087289
// 同步 ID: e0870f78 @ Fri Aug  7 12:10:49 UTC 2026
// 重构日志: 0da0dbac
